                                      1 ;--------------------------------------------------------
                                      2 ; File Created by SDCC : free open source ANSI-C Compiler
                                      3 ; Version 3.8.0 #10562 (Linux)
                                      4 ;--------------------------------------------------------
                                      5 	.module main
                                      6 	.optsdcc -mstm8
                                      7 	
                                      8 ;--------------------------------------------------------
                                      9 ; Public variables in this module
                                     10 ;--------------------------------------------------------
                                     11 	.globl _main
                                     12 	.globl _leds_demo
                                     13 	.globl _spi_config
                                     14 	.globl _gpio_config
                                     15 	.globl _clock_config
                                     16 	.globl _set_color
                                     17 	.globl _get_color
                                     18 	.globl _random
                                     19 	.globl _init_rand
                                     20 	.globl _delay_ms
                                     21 	.globl _hsv_to_rgb
                                     22 	.globl _WS2812_plain_color_fill
                                     23 	.globl _WS2812_send_led_rgb_array
                                     24 	.globl _SPI_BiDirectionalLineConfig
                                     25 	.globl _SPI_Cmd
                                     26 	.globl _SPI_Init
                                     27 	.globl _SPI_DeInit
                                     28 	.globl _GPIO_Init
                                     29 	.globl _GPIO_DeInit
                                     30 	.globl _CLK_GetFlagStatus
                                     31 	.globl _CLK_SYSCLKConfig
                                     32 	.globl _CLK_HSIPrescalerConfig
                                     33 	.globl _CLK_ClockSwitchConfig
                                     34 	.globl _CLK_PeripheralClockConfig
                                     35 	.globl _CLK_ClockSwitchCmd
                                     36 	.globl _CLK_LSICmd
                                     37 	.globl _CLK_HSICmd
                                     38 	.globl _CLK_HSECmd
                                     39 	.globl _CLK_DeInit
                                     40 	.globl _rainbow_hills
                                     41 	.globl _shift_all_to_left
                                     42 	.globl _get_pixel_number
                                     43 ;--------------------------------------------------------
                                     44 ; ram data
                                     45 ;--------------------------------------------------------
                                     46 	.area DATA
      000000                         47 _rainbow_hills_column_65536_278:
      000000                         48 	.ds 1
      000001                         49 _rainbow_hills_target_level_65536_278:
      000001                         50 	.ds 1
      000002                         51 _rainbow_hills_current_level_65536_278:
      000002                         52 	.ds 1
      000003                         53 _rainbow_hills_color_65536_278:
      000003                         54 	.ds 3
      000006                         55 _shift_all_to_left_idx_d_65536_282:
      000006                         56 	.ds 1
      000007                         57 _shift_all_to_left_idx_t_65536_282:
      000007                         58 	.ds 1
      000008                         59 _shift_all_to_left_color_65536_282:
      000008                         60 	.ds 3
                                     61 ;--------------------------------------------------------
                                     62 ; ram data
                                     63 ;--------------------------------------------------------
                                     64 	.area INITIALIZED
                                     65 ;--------------------------------------------------------
                                     66 ; Stack segment in internal ram 
                                     67 ;--------------------------------------------------------
                                     68 	.area	SSEG
      000000                         69 __start__stack:
      000000                         70 	.ds	1
                                     71 
                                     72 ;--------------------------------------------------------
                                     73 ; absolute external ram data
                                     74 ;--------------------------------------------------------
                                     75 	.area DABS (ABS)
                                     76 
                                     77 ; default segment ordering for linker
                                     78 	.area HOME
                                     79 	.area GSINIT
                                     80 	.area GSFINAL
                                     81 	.area CONST
                                     82 	.area INITIALIZER
                                     83 	.area CODE
                                     84 
                                     85 ;--------------------------------------------------------
                                     86 ; interrupt vector 
                                     87 ;--------------------------------------------------------
                                     88 	.area HOME
      000000                         89 __interrupt_vect:
      000000 82v00u00u00             90 	int s_GSINIT ; reset
                                     91 ;--------------------------------------------------------
                                     92 ; global & static initialisations
                                     93 ;--------------------------------------------------------
                                     94 	.area HOME
                                     95 	.area GSINIT
                                     96 	.area GSFINAL
                                     97 	.area GSINIT
      000000                         98 __sdcc_gs_init_startup:
      000000                         99 __sdcc_init_data:
                                    100 ; stm8_genXINIT() start
      000000 AEr00r00         [ 2]  101 	ldw x, #l_DATA
      000003 27 07            [ 1]  102 	jreq	00002$
      000005                        103 00001$:
      000005 72 4FuFFuFF      [ 1]  104 	clr (s_DATA - 1, x)
      000009 5A               [ 2]  105 	decw x
      00000A 26 F9            [ 1]  106 	jrne	00001$
      00000C                        107 00002$:
      00000C AEr00r00         [ 2]  108 	ldw	x, #l_INITIALIZER
      00000F 27 09            [ 1]  109 	jreq	00004$
      000011                        110 00003$:
      000011 D6uFFuFF         [ 1]  111 	ld	a, (s_INITIALIZER - 1, x)
      000014 D7uFFuFF         [ 1]  112 	ld	(s_INITIALIZED - 1, x), a
      000017 5A               [ 2]  113 	decw	x
      000018 26 F7            [ 1]  114 	jrne	00003$
      00001A                        115 00004$:
                                    116 ; stm8_genXINIT() end
                                    117 ;	main.c: 64: static uint8_t column = 0;
      00001A 72 5Fu00u00      [ 1]  118 	clr	_rainbow_hills_column_65536_278+0
                                    119 ;	main.c: 65: static uint8_t target_level = 2;
      00001E 35 02u00u01      [ 1]  120 	mov	_rainbow_hills_target_level_65536_278+0, #0x02
                                    121 ;	main.c: 66: static uint8_t current_level = 0;
      000022 72 5Fu00u02      [ 1]  122 	clr	_rainbow_hills_current_level_65536_278+0
                                    123 	.area GSFINAL
      000000 CCr00r04         [ 2]  124 	jp	__sdcc_program_startup
                                    125 ;--------------------------------------------------------
                                    126 ; Home
                                    127 ;--------------------------------------------------------
                                    128 	.area HOME
                                    129 	.area HOME
      000004                        130 __sdcc_program_startup:
      000004 CCr01r90         [ 2]  131 	jp	_main
                                    132 ;	return from main will return to caller
                                    133 ;--------------------------------------------------------
                                    134 ; code
                                    135 ;--------------------------------------------------------
                                    136 	.area CODE
                                    137 ;	main.c: 17: void clock_config()
                                    138 ;	-----------------------------------------
                                    139 ;	 function clock_config
                                    140 ;	-----------------------------------------
      000000                        141 _clock_config:
                                    142 ;	main.c: 19: CLK_DeInit();
      000000 CDr00r00         [ 4]  143 	call	_CLK_DeInit
                                    144 ;	main.c: 20: CLK_HSECmd(DISABLE);
      000003 4B 00            [ 1]  145 	push	#0x00
      000005 CDr00r00         [ 4]  146 	call	_CLK_HSECmd
      000008 84               [ 1]  147 	pop	a
                                    148 ;	main.c: 21: CLK_LSICmd(DISABLE);
      000009 4B 00            [ 1]  149 	push	#0x00
      00000B CDr00r00         [ 4]  150 	call	_CLK_LSICmd
      00000E 84               [ 1]  151 	pop	a
                                    152 ;	main.c: 22: CLK_HSICmd(ENABLE);
      00000F 4B 01            [ 1]  153 	push	#0x01
      000011 CDr00r00         [ 4]  154 	call	_CLK_HSICmd
      000014 84               [ 1]  155 	pop	a
                                    156 ;	main.c: 23: while (CLK_GetFlagStatus(CLK_FLAG_HSIRDY) == FALSE)
      000015                        157 00101$:
      000015 4B 02            [ 1]  158 	push	#0x02
      000017 4B 01            [ 1]  159 	push	#0x01
      000019 CDr00r00         [ 4]  160 	call	_CLK_GetFlagStatus
      00001C 85               [ 2]  161 	popw	x
      00001D 4D               [ 1]  162 	tnz	a
      00001E 27 F5            [ 1]  163 	jreq	00101$
                                    164 ;	main.c: 25: CLK_ClockSwitchCmd(ENABLE);
      000020 4B 01            [ 1]  165 	push	#0x01
      000022 CDr00r00         [ 4]  166 	call	_CLK_ClockSwitchCmd
      000025 84               [ 1]  167 	pop	a
                                    168 ;	main.c: 26: CLK_HSIPrescalerConfig(CLK_PRESCALER_HSIDIV1);
      000026 4B 00            [ 1]  169 	push	#0x00
      000028 CDr00r00         [ 4]  170 	call	_CLK_HSIPrescalerConfig
      00002B 84               [ 1]  171 	pop	a
                                    172 ;	main.c: 27: CLK_SYSCLKConfig(CLK_PRESCALER_CPUDIV1);
      00002C 4B 80            [ 1]  173 	push	#0x80
      00002E CDr00r00         [ 4]  174 	call	_CLK_SYSCLKConfig
      000031 84               [ 1]  175 	pop	a
                                    176 ;	main.c: 28: CLK_ClockSwitchConfig(CLK_SWITCHMODE_AUTO, CLK_SOURCE_HSI,
      000032 4B 01            [ 1]  177 	push	#0x01
      000034 4B 00            [ 1]  178 	push	#0x00
      000036 4B E1            [ 1]  179 	push	#0xe1
      000038 4B 01            [ 1]  180 	push	#0x01
      00003A CDr00r00         [ 4]  181 	call	_CLK_ClockSwitchConfig
      00003D 5B 04            [ 2]  182 	addw	sp, #4
                                    183 ;	main.c: 30: }
      00003F 81               [ 4]  184 	ret
                                    185 ;	main.c: 32: void gpio_config()
                                    186 ;	-----------------------------------------
                                    187 ;	 function gpio_config
                                    188 ;	-----------------------------------------
      000040                        189 _gpio_config:
                                    190 ;	main.c: 34: GPIO_DeInit(GPIOC);
      000040 4B 0A            [ 1]  191 	push	#0x0a
      000042 4B 50            [ 1]  192 	push	#0x50
      000044 CDr00r00         [ 4]  193 	call	_GPIO_DeInit
      000047 85               [ 2]  194 	popw	x
                                    195 ;	main.c: 35: GPIO_Init(GPIOC, GPIO_PIN_6, GPIO_MODE_OUT_PP_HIGH_FAST); // MOSI
      000048 4B F0            [ 1]  196 	push	#0xf0
      00004A 4B 40            [ 1]  197 	push	#0x40
      00004C 4B 0A            [ 1]  198 	push	#0x0a
      00004E 4B 50            [ 1]  199 	push	#0x50
      000050 CDr00r00         [ 4]  200 	call	_GPIO_Init
      000053 5B 04            [ 2]  201 	addw	sp, #4
                                    202 ;	main.c: 36: GPIO_Init(GPIOC, GPIO_PIN_5, GPIO_MODE_OUT_PP_HIGH_FAST); // CLK
      000055 4B F0            [ 1]  203 	push	#0xf0
      000057 4B 20            [ 1]  204 	push	#0x20
      000059 4B 0A            [ 1]  205 	push	#0x0a
      00005B 4B 50            [ 1]  206 	push	#0x50
      00005D CDr00r00         [ 4]  207 	call	_GPIO_Init
      000060 5B 04            [ 2]  208 	addw	sp, #4
                                    209 ;	main.c: 37: }
      000062 81               [ 4]  210 	ret
                                    211 ;	main.c: 39: void spi_config()
                                    212 ;	-----------------------------------------
                                    213 ;	 function spi_config
                                    214 ;	-----------------------------------------
      000063                        215 _spi_config:
                                    216 ;	main.c: 41: CLK_PeripheralClockConfig(CLK_PERIPHERAL_SPI, ENABLE);
      000063 4B 01            [ 1]  217 	push	#0x01
      000065 4B 01            [ 1]  218 	push	#0x01
      000067 CDr00r00         [ 4]  219 	call	_CLK_PeripheralClockConfig
      00006A 85               [ 2]  220 	popw	x
                                    221 ;	main.c: 43: SPI_DeInit();
      00006B CDr00r00         [ 4]  222 	call	_SPI_DeInit
                                    223 ;	main.c: 44: SPI_Init(SPI_FIRSTBIT_MSB,
      00006E 4B 00            [ 1]  224 	push	#0x00
      000070 4B 02            [ 1]  225 	push	#0x02
      000072 4B 00            [ 1]  226 	push	#0x00
      000074 4B 00            [ 1]  227 	push	#0x00
      000076 4B 00            [ 1]  228 	push	#0x00
      000078 4B 04            [ 1]  229 	push	#0x04
      00007A 4B 00            [ 1]  230 	push	#0x00
      00007C 4B 00            [ 1]  231 	push	#0x00
      00007E CDr00r00         [ 4]  232 	call	_SPI_Init
      000081 5B 08            [ 2]  233 	addw	sp, #8
                                    234 ;	main.c: 52: SPI_Cmd(ENABLE);
      000083 4B 01            [ 1]  235 	push	#0x01
      000085 CDr00r00         [ 4]  236 	call	_SPI_Cmd
      000088 84               [ 1]  237 	pop	a
                                    238 ;	main.c: 53: SPI_BiDirectionalLineConfig(SPI_DIRECTION_TX);
      000089 4B 01            [ 1]  239 	push	#0x01
      00008B CDr00r00         [ 4]  240 	call	_SPI_BiDirectionalLineConfig
      00008E 84               [ 1]  241 	pop	a
                                    242 ;	main.c: 54: }
      00008F 81               [ 4]  243 	ret
                                    244 ;	main.c: 56: void leds_demo()
                                    245 ;	-----------------------------------------
                                    246 ;	 function leds_demo
                                    247 ;	-----------------------------------------
      000090                        248 _leds_demo:
                                    249 ;	main.c: 58: rainbow_hills();
      000090 CDr00r96         [ 4]  250 	call	_rainbow_hills
                                    251 ;	main.c: 59: WS2812_send_led_rgb_array();
                                    252 ;	main.c: 60: }
      000093 CCr00r00         [ 2]  253 	jp	_WS2812_send_led_rgb_array
                                    254 ;	main.c: 62: void rainbow_hills()
                                    255 ;	-----------------------------------------
                                    256 ;	 function rainbow_hills
                                    257 ;	-----------------------------------------
      000096                        258 _rainbow_hills:
                                    259 ;	main.c: 69: target_level = random(2, HEIGHT - 1);
      000096 4B 07            [ 1]  260 	push	#0x07
      000098 4B 00            [ 1]  261 	push	#0x00
      00009A 4B 02            [ 1]  262 	push	#0x02
      00009C 4B 00            [ 1]  263 	push	#0x00
      00009E CDr00r00         [ 4]  264 	call	_random
      0000A1 5B 04            [ 2]  265 	addw	sp, #4
      0000A3 9F               [ 1]  266 	ld	a, xl
      0000A4 C7u00u01         [ 1]  267 	ld	_rainbow_hills_target_level_65536_278+0, a
                                    268 ;	main.c: 71: if (column == WIDTH)
      0000A7 C6u00u00         [ 1]  269 	ld	a, _rainbow_hills_column_65536_278+0
      0000AA A1 08            [ 1]  270 	cp	a, #0x08
      0000AC 26 07            [ 1]  271 	jrne	00102$
                                    272 ;	main.c: 74: shift_all_to_left();
      0000AE CDr01r0C         [ 4]  273 	call	_shift_all_to_left
                                    274 ;	main.c: 75: column = WIDTH - 1;
      0000B1 35 07u00u00      [ 1]  275 	mov	_rainbow_hills_column_65536_278+0, #0x07
      0000B5                        276 00102$:
                                    277 ;	main.c: 78: if (current_level < target_level)
      0000B5 C6u00u01         [ 1]  278 	ld	a, _rainbow_hills_target_level_65536_278+0
      0000B8 C1u00u02         [ 1]  279 	cp	a, _rainbow_hills_current_level_65536_278+0
      0000BB 23 35            [ 2]  280 	jrule	00104$
                                    281 ;	main.c: 80: hsv_to_rgb(&color, random(40, 255), 100, 100);
      0000BD 4B FF            [ 1]  282 	push	#0xff
      0000BF 4B 00            [ 1]  283 	push	#0x00
      0000C1 4B 28            [ 1]  284 	push	#0x28
      0000C3 4B 00            [ 1]  285 	push	#0x00
      0000C5 CDr00r00         [ 4]  286 	call	_random
      0000C8 5B 04            [ 2]  287 	addw	sp, #4
      0000CA 9F               [ 1]  288 	ld	a, xl
      0000CB 4B 64            [ 1]  289 	push	#0x64
      0000CD 4B 64            [ 1]  290 	push	#0x64
      0000CF 88               [ 1]  291 	push	a
      0000D0 4Br03            [ 1]  292 	push	#<_rainbow_hills_color_65536_278
      0000D2 4Bs00            [ 1]  293 	push	#(_rainbow_hills_color_65536_278 >> 8)
      0000D4 CDr00r00         [ 4]  294 	call	_hsv_to_rgb
      0000D7 5B 05            [ 2]  295 	addw	sp, #5
                                    296 ;	main.c: 81: set_color(get_pixel_number(column, current_level), &color);
      0000D9 3Bu00u02         [ 1]  297 	push	_rainbow_hills_current_level_65536_278+0
      0000DC 3Bu00u00         [ 1]  298 	push	_rainbow_hills_column_65536_278+0
      0000DF CDr01r88         [ 4]  299 	call	_get_pixel_number
      0000E2 85               [ 2]  300 	popw	x
      0000E3 4Br03            [ 1]  301 	push	#<_rainbow_hills_color_65536_278
      0000E5 4Bs00            [ 1]  302 	push	#(_rainbow_hills_color_65536_278 >> 8)
      0000E7 88               [ 1]  303 	push	a
      0000E8 CDr00r00         [ 4]  304 	call	_set_color
      0000EB 5B 03            [ 2]  305 	addw	sp, #3
                                    306 ;	main.c: 82: current_level++;
      0000ED 72 5Cu00u02      [ 1]  307 	inc	_rainbow_hills_current_level_65536_278+0
      0000F1 81               [ 4]  308 	ret
      0000F2                        309 00104$:
                                    310 ;	main.c: 86: current_level = 0;
      0000F2 72 5Fu00u02      [ 1]  311 	clr	_rainbow_hills_current_level_65536_278+0
                                    312 ;	main.c: 87: target_level = random(1, HEIGHT - 1);
      0000F6 4B 07            [ 1]  313 	push	#0x07
      0000F8 4B 00            [ 1]  314 	push	#0x00
      0000FA 4B 01            [ 1]  315 	push	#0x01
      0000FC 4B 00            [ 1]  316 	push	#0x00
      0000FE CDr00r00         [ 4]  317 	call	_random
      000101 5B 04            [ 2]  318 	addw	sp, #4
      000103 9F               [ 1]  319 	ld	a, xl
      000104 C7u00u01         [ 1]  320 	ld	_rainbow_hills_target_level_65536_278+0, a
                                    321 ;	main.c: 88: column++;
      000107 72 5Cu00u00      [ 1]  322 	inc	_rainbow_hills_column_65536_278+0
                                    323 ;	main.c: 90: }
      00010B 81               [ 4]  324 	ret
                                    325 ;	main.c: 92: void shift_all_to_left()
                                    326 ;	-----------------------------------------
                                    327 ;	 function shift_all_to_left
                                    328 ;	-----------------------------------------
      00010C                        329 _shift_all_to_left:
      00010C 89               [ 2]  330 	pushw	x
                                    331 ;	main.c: 97: for (uint8_t y = 0; y < HEIGHT; y++)
      00010D 0F 02            [ 1]  332 	clr	(0x02, sp)
      00010F                        333 00109$:
      00010F 7B 02            [ 1]  334 	ld	a, (0x02, sp)
      000111 A1 08            [ 1]  335 	cp	a, #0x08
      000113 24 71            [ 1]  336 	jrnc	00111$
                                    337 ;	main.c: 99: for (uint8_t x = 1; x < WIDTH; x++)
      000115 A6 01            [ 1]  338 	ld	a, #0x01
      000117 6B 01            [ 1]  339 	ld	(0x01, sp), a
      000119                        340 00106$:
      000119 7B 01            [ 1]  341 	ld	a, (0x01, sp)
      00011B A1 08            [ 1]  342 	cp	a, #0x08
      00011D 24 63            [ 1]  343 	jrnc	00110$
                                    344 ;	main.c: 101: idx_d = get_pixel_number(x - 1, y);
      00011F 7B 01            [ 1]  345 	ld	a, (0x01, sp)
      000121 4A               [ 1]  346 	dec	a
      000122 97               [ 1]  347 	ld	xl, a
      000123 7B 02            [ 1]  348 	ld	a, (0x02, sp)
      000125 88               [ 1]  349 	push	a
      000126 9F               [ 1]  350 	ld	a, xl
      000127 88               [ 1]  351 	push	a
      000128 CDr01r88         [ 4]  352 	call	_get_pixel_number
      00012B 85               [ 2]  353 	popw	x
      00012C C7u00u06         [ 1]  354 	ld	_shift_all_to_left_idx_d_65536_282+0, a
                                    355 ;	main.c: 102: idx_t = get_pixel_number(x, y);
      00012F 7B 02            [ 1]  356 	ld	a, (0x02, sp)
      000131 88               [ 1]  357 	push	a
      000132 7B 02            [ 1]  358 	ld	a, (0x02, sp)
      000134 88               [ 1]  359 	push	a
      000135 CDr01r88         [ 4]  360 	call	_get_pixel_number
      000138 85               [ 2]  361 	popw	x
      000139 C7u00u07         [ 1]  362 	ld	_shift_all_to_left_idx_t_65536_282+0, a
                                    363 ;	main.c: 104: get_color(idx_t, &color);
      00013C 4Br08            [ 1]  364 	push	#<_shift_all_to_left_color_65536_282
      00013E 4Bs00            [ 1]  365 	push	#(_shift_all_to_left_color_65536_282 >> 8)
      000140 3Bu00u07         [ 1]  366 	push	_shift_all_to_left_idx_t_65536_282+0
      000143 CDr00r00         [ 4]  367 	call	_get_color
      000146 5B 03            [ 2]  368 	addw	sp, #3
                                    369 ;	main.c: 105: set_color(idx_d, &color);
      000148 4Br08            [ 1]  370 	push	#<_shift_all_to_left_color_65536_282
      00014A 4Bs00            [ 1]  371 	push	#(_shift_all_to_left_color_65536_282 >> 8)
      00014C 3Bu00u06         [ 1]  372 	push	_shift_all_to_left_idx_d_65536_282+0
      00014F CDr00r00         [ 4]  373 	call	_set_color
      000152 5B 03            [ 2]  374 	addw	sp, #3
                                    375 ;	main.c: 107: if ((x + 1) == WIDTH)
      000154 5F               [ 1]  376 	clrw	x
      000155 7B 01            [ 1]  377 	ld	a, (0x01, sp)
      000157 97               [ 1]  378 	ld	xl, a
      000158 5C               [ 1]  379 	incw	x
      000159 A3 00 08         [ 2]  380 	cpw	x, #0x0008
      00015C 26 20            [ 1]  381 	jrne	00107$
                                    382 ;	main.c: 109: color.b = 0;
      00015E AEr00r0A         [ 2]  383 	ldw	x, #_shift_all_to_left_color_65536_282+2
      000161 7F               [ 1]  384 	clr	(x)
                                    385 ;	main.c: 110: color.r = 0;
      000162 35 00u00u08      [ 1]  386 	mov	_shift_all_to_left_color_65536_282+0, #0x00
                                    387 ;	main.c: 111: color.g = 0;
      000166 AEr00r09         [ 2]  388 	ldw	x, #_shift_all_to_left_color_65536_282+1
      000169 7F               [ 1]  389 	clr	(x)
                                    390 ;	main.c: 112: set_color(get_pixel_number(x, y), &color);
      00016A 7B 02            [ 1]  391 	ld	a, (0x02, sp)
      00016C 88               [ 1]  392 	push	a
      00016D 7B 02            [ 1]  393 	ld	a, (0x02, sp)
      00016F 88               [ 1]  394 	push	a
      000170 CDr01r88         [ 4]  395 	call	_get_pixel_number
      000173 85               [ 2]  396 	popw	x
      000174 4Br08            [ 1]  397 	push	#<_shift_all_to_left_color_65536_282
      000176 4Bs00            [ 1]  398 	push	#(_shift_all_to_left_color_65536_282 >> 8)
      000178 88               [ 1]  399 	push	a
      000179 CDr00r00         [ 4]  400 	call	_set_color
      00017C 5B 03            [ 2]  401 	addw	sp, #3
      00017E                        402 00107$:
                                    403 ;	main.c: 99: for (uint8_t x = 1; x < WIDTH; x++)
      00017E 0C 01            [ 1]  404 	inc	(0x01, sp)
      000180 20 97            [ 2]  405 	jra	00106$
      000182                        406 00110$:
                                    407 ;	main.c: 97: for (uint8_t y = 0; y < HEIGHT; y++)
      000182 0C 02            [ 1]  408 	inc	(0x02, sp)
      000184 20 89            [ 2]  409 	jra	00109$
      000186                        410 00111$:
                                    411 ;	main.c: 116: }
      000186 85               [ 2]  412 	popw	x
      000187 81               [ 4]  413 	ret
                                    414 ;	main.c: 118: uint8_t get_pixel_number(uint8_t x, uint8_t y)
                                    415 ;	-----------------------------------------
                                    416 ;	 function get_pixel_number
                                    417 ;	-----------------------------------------
      000188                        418 _get_pixel_number:
                                    419 ;	main.c: 120: return(y * WIDTH + x);
      000188 7B 04            [ 1]  420 	ld	a, (0x04, sp)
      00018A 48               [ 1]  421 	sll	a
      00018B 48               [ 1]  422 	sll	a
      00018C 48               [ 1]  423 	sll	a
      00018D 1B 03            [ 1]  424 	add	a, (0x03, sp)
                                    425 ;	main.c: 121: }
      00018F 81               [ 4]  426 	ret
                                    427 ;	main.c: 123: int main()
                                    428 ;	-----------------------------------------
                                    429 ;	 function main
                                    430 ;	-----------------------------------------
      000190                        431 _main:
                                    432 ;	main.c: 125: clock_config();
      000190 CDr00r00         [ 4]  433 	call	_clock_config
                                    434 ;	main.c: 126: gpio_config();
      000193 CDr00r40         [ 4]  435 	call	_gpio_config
                                    436 ;	main.c: 127: spi_config();
      000196 CDr00r63         [ 4]  437 	call	_spi_config
                                    438 ;	main.c: 128: delay_ms(50);
      000199 4B 32            [ 1]  439 	push	#0x32
      00019B 4B 00            [ 1]  440 	push	#0x00
      00019D CDr00r00         [ 4]  441 	call	_delay_ms
      0001A0 85               [ 2]  442 	popw	x
                                    443 ;	main.c: 130: init_rand(1077); // todo: read pins ADC
      0001A1 4B 35            [ 1]  444 	push	#0x35
      0001A3 4B 04            [ 1]  445 	push	#0x04
      0001A5 CDr00r00         [ 4]  446 	call	_init_rand
      0001A8 85               [ 2]  447 	popw	x
                                    448 ;	main.c: 132: WS2812_plain_color_fill(40, 40, 40);
      0001A9 4B 28            [ 1]  449 	push	#0x28
      0001AB 4B 28            [ 1]  450 	push	#0x28
      0001AD 4B 28            [ 1]  451 	push	#0x28
      0001AF CDr00r00         [ 4]  452 	call	_WS2812_plain_color_fill
      0001B2 5B 03            [ 2]  453 	addw	sp, #3
                                    454 ;	main.c: 133: delay_ms(500);
      0001B4 4B F4            [ 1]  455 	push	#0xf4
      0001B6 4B 01            [ 1]  456 	push	#0x01
      0001B8 CDr00r00         [ 4]  457 	call	_delay_ms
      0001BB 85               [ 2]  458 	popw	x
                                    459 ;	main.c: 135: while (1)
      0001BC                        460 00102$:
                                    461 ;	main.c: 137: leds_demo();
      0001BC CDr00r90         [ 4]  462 	call	_leds_demo
                                    463 ;	main.c: 139: __asm nop __endasm;
      0001BF 9D               [ 1]  464 	nop	
                                    465 ;	main.c: 141: delay_ms(250);
      0001C0 4B FA            [ 1]  466 	push	#0xfa
      0001C2 4B 00            [ 1]  467 	push	#0x00
      0001C4 CDr00r00         [ 4]  468 	call	_delay_ms
      0001C7 85               [ 2]  469 	popw	x
      0001C8 20 F2            [ 2]  470 	jra	00102$
                                    471 ;	main.c: 145: }
      0001CA 81               [ 4]  472 	ret
                                    473 	.area CODE
                                    474 	.area CONST
                                    475 	.area INITIALIZER
                                    476 	.area CABS (ABS)
