                                      1 ;--------------------------------------------------------
                                      2 ; File Created by SDCC : free open source ANSI-C Compiler
                                      3 ; Version 3.8.0 #10562 (Linux)
                                      4 ;--------------------------------------------------------
                                      5 	.module math
                                      6 	.optsdcc -mstm8
                                      7 	
                                      8 ;--------------------------------------------------------
                                      9 ; Public variables in this module
                                     10 ;--------------------------------------------------------
                                     11 	.globl _fmod
                                     12 ;--------------------------------------------------------
                                     13 ; ram data
                                     14 ;--------------------------------------------------------
                                     15 	.area DATA
                                     16 ;--------------------------------------------------------
                                     17 ; ram data
                                     18 ;--------------------------------------------------------
                                     19 	.area INITIALIZED
                                     20 ;--------------------------------------------------------
                                     21 ; absolute external ram data
                                     22 ;--------------------------------------------------------
                                     23 	.area DABS (ABS)
                                     24 
                                     25 ; default segment ordering for linker
                                     26 	.area HOME
                                     27 	.area GSINIT
                                     28 	.area GSFINAL
                                     29 	.area CONST
                                     30 	.area INITIALIZER
                                     31 	.area CODE
                                     32 
                                     33 ;--------------------------------------------------------
                                     34 ; global & static initialisations
                                     35 ;--------------------------------------------------------
                                     36 	.area HOME
                                     37 	.area GSINIT
                                     38 	.area GSFINAL
                                     39 	.area GSINIT
                                     40 ;--------------------------------------------------------
                                     41 ; Home
                                     42 ;--------------------------------------------------------
                                     43 	.area HOME
                                     44 	.area HOME
                                     45 ;--------------------------------------------------------
                                     46 ; code
                                     47 ;--------------------------------------------------------
                                     48 	.area CODE
                                     49 ;	math.c: 3: float fmod (float a, float b)
                                     50 ;	-----------------------------------------
                                     51 ;	 function fmod
                                     52 ;	-----------------------------------------
      000000                         53 _fmod:
      000000 52 08            [ 2]   54 	sub	sp, #8
                                     55 ;	math.c: 5: return (a - trunc(a / b) * b);
      000002 1E 0D            [ 2]   56 	ldw	x, (0x0d, sp)
      000004 89               [ 2]   57 	pushw	x
      000005 1E 0D            [ 2]   58 	ldw	x, (0x0d, sp)
      000007 89               [ 2]   59 	pushw	x
      000008 CDr00r00         [ 4]   60 	call	___fs2uint
      00000B 5B 04            [ 2]   61 	addw	sp, #4
      00000D 89               [ 2]   62 	pushw	x
      00000E CDr00r00         [ 4]   63 	call	___uint2fs
      000011 5B 02            [ 2]   64 	addw	sp, #2
      000013 1F 07            [ 2]   65 	ldw	(0x07, sp), x
      000015 1E 11            [ 2]   66 	ldw	x, (0x11, sp)
      000017 89               [ 2]   67 	pushw	x
      000018 1E 11            [ 2]   68 	ldw	x, (0x11, sp)
      00001A 89               [ 2]   69 	pushw	x
      00001B 1E 0B            [ 2]   70 	ldw	x, (0x0b, sp)
      00001D 89               [ 2]   71 	pushw	x
      00001E 90 89            [ 2]   72 	pushw	y
      000020 CDr00r00         [ 4]   73 	call	___fsdiv
      000023 5B 08            [ 2]   74 	addw	sp, #8
      000025 1F 03            [ 2]   75 	ldw	(0x03, sp), x
      000027 1E 11            [ 2]   76 	ldw	x, (0x11, sp)
      000029 89               [ 2]   77 	pushw	x
      00002A 1E 11            [ 2]   78 	ldw	x, (0x11, sp)
      00002C 89               [ 2]   79 	pushw	x
      00002D 1E 07            [ 2]   80 	ldw	x, (0x07, sp)
      00002F 89               [ 2]   81 	pushw	x
      000030 90 89            [ 2]   82 	pushw	y
      000032 CDr00r00         [ 4]   83 	call	___fsmul
      000035 5B 08            [ 2]   84 	addw	sp, #8
      000037 89               [ 2]   85 	pushw	x
      000038 90 89            [ 2]   86 	pushw	y
      00003A 1E 11            [ 2]   87 	ldw	x, (0x11, sp)
      00003C 89               [ 2]   88 	pushw	x
      00003D 1E 11            [ 2]   89 	ldw	x, (0x11, sp)
      00003F 89               [ 2]   90 	pushw	x
      000040 CDr00r00         [ 4]   91 	call	___fssub
                                     92 ;	math.c: 6: }
      000043 5B 10            [ 2]   93 	addw	sp, #16
      000045 81               [ 4]   94 	ret
                                     95 	.area CODE
                                     96 	.area CONST
                                     97 	.area INITIALIZER
                                     98 	.area CABS (ABS)
