                                      1 ;--------------------------------------------------------
                                      2 ; File Created by SDCC : free open source ANSI-C Compiler
                                      3 ; Version 3.8.0 #10562 (Linux)
                                      4 ;--------------------------------------------------------
                                      5 	.module lcd_i2c
                                      6 	.optsdcc -mstm8
                                      7 	
                                      8 ;--------------------------------------------------------
                                      9 ; Public variables in this module
                                     10 ;--------------------------------------------------------
                                     11 	.globl _lcd_cmd
                                     12 	.globl _lcd_set_bit
                                     13 	.globl _lcd_PCF7584_write
                                     14 	.globl _lcd_PCF7584_write8
                                     15 	.globl _delay_ms
                                     16 	.globl _I2C_CheckEvent
                                     17 	.globl _I2C_SendData
                                     18 	.globl _I2C_Send7bitAddress
                                     19 	.globl _I2C_GenerateSTOP
                                     20 	.globl _I2C_GenerateSTART
                                     21 	.globl _I2C_Init
                                     22 	.globl _CLK_GetClockFreq
                                     23 	.globl _lcd_init
                                     24 	.globl _lcd_clear
                                     25 	.globl _lcd_set_cursor
                                     26 	.globl _lcd_print_char
                                     27 	.globl _lcd_print_string
                                     28 	.globl _lcd_print_integer
                                     29 	.globl _lcd_bl_on
                                     30 	.globl _lcd_bl_off
                                     31 ;--------------------------------------------------------
                                     32 ; ram data
                                     33 ;--------------------------------------------------------
                                     34 	.area DATA
      000000                         35 _g_pcf_status:
      000000                         36 	.ds 1
                                     37 ;--------------------------------------------------------
                                     38 ; ram data
                                     39 ;--------------------------------------------------------
                                     40 	.area INITIALIZED
                                     41 ;--------------------------------------------------------
                                     42 ; absolute external ram data
                                     43 ;--------------------------------------------------------
                                     44 	.area DABS (ABS)
                                     45 
                                     46 ; default segment ordering for linker
                                     47 	.area HOME
                                     48 	.area GSINIT
                                     49 	.area GSFINAL
                                     50 	.area CONST
                                     51 	.area INITIALIZER
                                     52 	.area CODE
                                     53 
                                     54 ;--------------------------------------------------------
                                     55 ; global & static initialisations
                                     56 ;--------------------------------------------------------
                                     57 	.area HOME
                                     58 	.area GSINIT
                                     59 	.area GSFINAL
                                     60 	.area GSINIT
                                     61 ;--------------------------------------------------------
                                     62 ; Home
                                     63 ;--------------------------------------------------------
                                     64 	.area HOME
                                     65 	.area HOME
                                     66 ;--------------------------------------------------------
                                     67 ; code
                                     68 ;--------------------------------------------------------
                                     69 	.area CODE
                                     70 ;	lcd_i2c.c: 7: void lcd_PCF7584_write8(u8 iData) // Write all 8 pins of PCF7584
                                     71 ;	-----------------------------------------
                                     72 ;	 function lcd_PCF7584_write8
                                     73 ;	-----------------------------------------
      000000                         74 _lcd_PCF7584_write8:
                                     75 ;	lcd_i2c.c: 9: I2C_GenerateSTART(ENABLE);
      000000 4B 01            [ 1]   76 	push	#0x01
      000002 CDr00r00         [ 4]   77 	call	_I2C_GenerateSTART
      000005 84               [ 1]   78 	pop	a
                                     79 ;	lcd_i2c.c: 10: while (!I2C_CheckEvent(I2C_EVENT_MASTER_MODE_SELECT))
      000006                         80 00101$:
      000006 4B 01            [ 1]   81 	push	#0x01
      000008 4B 03            [ 1]   82 	push	#0x03
      00000A CDr00r00         [ 4]   83 	call	_I2C_CheckEvent
      00000D 85               [ 2]   84 	popw	x
      00000E 4D               [ 1]   85 	tnz	a
      00000F 27 F5            [ 1]   86 	jreq	00101$
                                     87 ;	lcd_i2c.c: 13: I2C_Send7bitAddress(LCD_I2C_Address, I2C_DIRECTION_TX);
      000011 4B 00            [ 1]   88 	push	#0x00
      000013 4B 4E            [ 1]   89 	push	#0x4e
      000015 CDr00r00         [ 4]   90 	call	_I2C_Send7bitAddress
      000018 85               [ 2]   91 	popw	x
                                     92 ;	lcd_i2c.c: 14: while (!I2C_CheckEvent(I2C_EVENT_MASTER_TRANSMITTER_MODE_SELECTED))
      000019                         93 00104$:
      000019 4B 82            [ 1]   94 	push	#0x82
      00001B 4B 07            [ 1]   95 	push	#0x07
      00001D CDr00r00         [ 4]   96 	call	_I2C_CheckEvent
      000020 85               [ 2]   97 	popw	x
      000021 4D               [ 1]   98 	tnz	a
      000022 27 F5            [ 1]   99 	jreq	00104$
                                    100 ;	lcd_i2c.c: 17: I2C_SendData(iData);
      000024 7B 03            [ 1]  101 	ld	a, (0x03, sp)
      000026 88               [ 1]  102 	push	a
      000027 CDr00r00         [ 4]  103 	call	_I2C_SendData
      00002A 84               [ 1]  104 	pop	a
                                    105 ;	lcd_i2c.c: 18: while (!I2C_CheckEvent(I2C_EVENT_MASTER_BYTE_TRANSMITTED))
      00002B                        106 00107$:
      00002B 4B 84            [ 1]  107 	push	#0x84
      00002D 4B 07            [ 1]  108 	push	#0x07
      00002F CDr00r00         [ 4]  109 	call	_I2C_CheckEvent
      000032 85               [ 2]  110 	popw	x
      000033 4D               [ 1]  111 	tnz	a
      000034 27 F5            [ 1]  112 	jreq	00107$
                                    113 ;	lcd_i2c.c: 21: I2C_GenerateSTOP(ENABLE);
      000036 4B 01            [ 1]  114 	push	#0x01
      000038 CDr00r00         [ 4]  115 	call	_I2C_GenerateSTOP
      00003B 84               [ 1]  116 	pop	a
                                    117 ;	lcd_i2c.c: 22: g_pcf_status = iData;
      00003C 7B 03            [ 1]  118 	ld	a, (0x03, sp)
      00003E C7u00u00         [ 1]  119 	ld	_g_pcf_status+0, a
                                    120 ;	lcd_i2c.c: 23: }
      000041 81               [ 4]  121 	ret
                                    122 ;	lcd_i2c.c: 25: void lcd_PCF7584_write(uint8_t pin, uint8_t value) // Write selected pin of PCF7584
                                    123 ;	-----------------------------------------
                                    124 ;	 function lcd_PCF7584_write
                                    125 ;	-----------------------------------------
      000042                        126 _lcd_PCF7584_write:
      000042 88               [ 1]  127 	push	a
                                    128 ;	lcd_i2c.c: 29: g_pcf_status &= ~(1 << pin); // Set the pin value 0 or 1
      000043 7B 04            [ 1]  129 	ld	a, (0x04, sp)
      000045 97               [ 1]  130 	ld	xl, a
      000046 C6u00u00         [ 1]  131 	ld	a, _g_pcf_status+0
      000049 6B 01            [ 1]  132 	ld	(0x01, sp), a
      00004B A6 01            [ 1]  133 	ld	a, #0x01
      00004D 88               [ 1]  134 	push	a
      00004E 9F               [ 1]  135 	ld	a, xl
      00004F 4D               [ 1]  136 	tnz	a
      000050 27 05            [ 1]  137 	jreq	00112$
      000052                        138 00111$:
      000052 08 01            [ 1]  139 	sll	(1, sp)
      000054 4A               [ 1]  140 	dec	a
      000055 26 FB            [ 1]  141 	jrne	00111$
      000057                        142 00112$:
      000057 84               [ 1]  143 	pop	a
                                    144 ;	lcd_i2c.c: 27: if (value == 0)
      000058 0D 05            [ 1]  145 	tnz	(0x05, sp)
      00005A 26 08            [ 1]  146 	jrne	00102$
                                    147 ;	lcd_i2c.c: 29: g_pcf_status &= ~(1 << pin); // Set the pin value 0 or 1
      00005C 43               [ 1]  148 	cpl	a
      00005D 14 01            [ 1]  149 	and	a, (0x01, sp)
      00005F C7u00u00         [ 1]  150 	ld	_g_pcf_status+0, a
      000062 20 05            [ 2]  151 	jra	00103$
      000064                        152 00102$:
                                    153 ;	lcd_i2c.c: 33: g_pcf_status |= (1 << pin); // Set the pin value 0 or 1
      000064 1A 01            [ 1]  154 	or	a, (0x01, sp)
      000066 C7u00u00         [ 1]  155 	ld	_g_pcf_status+0, a
      000069                        156 00103$:
                                    157 ;	lcd_i2c.c: 36: lcd_PCF7584_write8(g_pcf_status);
      000069 3Bu00u00         [ 1]  158 	push	_g_pcf_status+0
      00006C CDr00r00         [ 4]  159 	call	_lcd_PCF7584_write8
                                    160 ;	lcd_i2c.c: 37: }
      00006F 85               [ 2]  161 	popw	x
      000070 81               [ 4]  162 	ret
                                    163 ;	lcd_i2c.c: 39: void lcd_set_bit(char data_bit) // Based on the Hex value Set the Bits of the Data Lines
                                    164 ;	-----------------------------------------
                                    165 ;	 function lcd_set_bit
                                    166 ;	-----------------------------------------
      000071                        167 _lcd_set_bit:
      000071 88               [ 1]  168 	push	a
                                    169 ;	lcd_i2c.c: 41: if (data_bit & 1)
      000072 7B 04            [ 1]  170 	ld	a, (0x04, sp)
      000074 6B 01            [ 1]  171 	ld	(0x01, sp), a
      000076 7B 01            [ 1]  172 	ld	a, (0x01, sp)
      000078 44               [ 1]  173 	srl	a
      000079 24 0A            [ 1]  174 	jrnc	00102$
                                    175 ;	lcd_i2c.c: 42: lcd_PCF7584_write(4, 1); // D4 = 1
      00007B 4B 01            [ 1]  176 	push	#0x01
      00007D 4B 04            [ 1]  177 	push	#0x04
      00007F CDr00r42         [ 4]  178 	call	_lcd_PCF7584_write
      000082 85               [ 2]  179 	popw	x
      000083 20 08            [ 2]  180 	jra	00103$
      000085                        181 00102$:
                                    182 ;	lcd_i2c.c: 44: lcd_PCF7584_write(4, 0); // D4 = 0
      000085 4B 00            [ 1]  183 	push	#0x00
      000087 4B 04            [ 1]  184 	push	#0x04
      000089 CDr00r42         [ 4]  185 	call	_lcd_PCF7584_write
      00008C 85               [ 2]  186 	popw	x
      00008D                        187 00103$:
                                    188 ;	lcd_i2c.c: 46: if (data_bit & 2)
      00008D 7B 01            [ 1]  189 	ld	a, (0x01, sp)
      00008F A5 02            [ 1]  190 	bcp	a, #0x02
      000091 27 0A            [ 1]  191 	jreq	00105$
                                    192 ;	lcd_i2c.c: 47: lcd_PCF7584_write(5, 1); // D5 = 1
      000093 4B 01            [ 1]  193 	push	#0x01
      000095 4B 05            [ 1]  194 	push	#0x05
      000097 CDr00r42         [ 4]  195 	call	_lcd_PCF7584_write
      00009A 85               [ 2]  196 	popw	x
      00009B 20 08            [ 2]  197 	jra	00106$
      00009D                        198 00105$:
                                    199 ;	lcd_i2c.c: 49: lcd_PCF7584_write(5, 0); // D5 = 0
      00009D 4B 00            [ 1]  200 	push	#0x00
      00009F 4B 05            [ 1]  201 	push	#0x05
      0000A1 CDr00r42         [ 4]  202 	call	_lcd_PCF7584_write
      0000A4 85               [ 2]  203 	popw	x
      0000A5                        204 00106$:
                                    205 ;	lcd_i2c.c: 51: if (data_bit & 4)
      0000A5 7B 01            [ 1]  206 	ld	a, (0x01, sp)
      0000A7 A5 04            [ 1]  207 	bcp	a, #0x04
      0000A9 27 0A            [ 1]  208 	jreq	00108$
                                    209 ;	lcd_i2c.c: 52: lcd_PCF7584_write(6, 1); // D6 = 1
      0000AB 4B 01            [ 1]  210 	push	#0x01
      0000AD 4B 06            [ 1]  211 	push	#0x06
      0000AF CDr00r42         [ 4]  212 	call	_lcd_PCF7584_write
      0000B2 85               [ 2]  213 	popw	x
      0000B3 20 08            [ 2]  214 	jra	00109$
      0000B5                        215 00108$:
                                    216 ;	lcd_i2c.c: 54: lcd_PCF7584_write(6, 0); // D6 = 0
      0000B5 4B 00            [ 1]  217 	push	#0x00
      0000B7 4B 06            [ 1]  218 	push	#0x06
      0000B9 CDr00r42         [ 4]  219 	call	_lcd_PCF7584_write
      0000BC 85               [ 2]  220 	popw	x
      0000BD                        221 00109$:
                                    222 ;	lcd_i2c.c: 56: if (data_bit & 8)
      0000BD 7B 01            [ 1]  223 	ld	a, (0x01, sp)
      0000BF A5 08            [ 1]  224 	bcp	a, #0x08
      0000C1 27 0A            [ 1]  225 	jreq	00111$
                                    226 ;	lcd_i2c.c: 57: lcd_PCF7584_write(7, 1); // D7 = 1
      0000C3 4B 01            [ 1]  227 	push	#0x01
      0000C5 4B 07            [ 1]  228 	push	#0x07
      0000C7 CDr00r42         [ 4]  229 	call	_lcd_PCF7584_write
      0000CA 85               [ 2]  230 	popw	x
      0000CB 20 08            [ 2]  231 	jra	00113$
      0000CD                        232 00111$:
                                    233 ;	lcd_i2c.c: 59: lcd_PCF7584_write(7, 0); // D7 = 0
      0000CD 4B 00            [ 1]  234 	push	#0x00
      0000CF 4B 07            [ 1]  235 	push	#0x07
      0000D1 CDr00r42         [ 4]  236 	call	_lcd_PCF7584_write
      0000D4 85               [ 2]  237 	popw	x
      0000D5                        238 00113$:
                                    239 ;	lcd_i2c.c: 60: }
      0000D5 84               [ 1]  240 	pop	a
      0000D6 81               [ 4]  241 	ret
                                    242 ;	lcd_i2c.c: 62: void lcd_cmd(char a)
                                    243 ;	-----------------------------------------
                                    244 ;	 function lcd_cmd
                                    245 ;	-----------------------------------------
      0000D7                        246 _lcd_cmd:
                                    247 ;	lcd_i2c.c: 64: lcd_PCF7584_write(0, 0); // RS = 0
      0000D7 4B 00            [ 1]  248 	push	#0x00
      0000D9 4B 00            [ 1]  249 	push	#0x00
      0000DB CDr00r42         [ 4]  250 	call	_lcd_PCF7584_write
      0000DE 85               [ 2]  251 	popw	x
                                    252 ;	lcd_i2c.c: 65: lcd_set_bit(a);          // Incoming Hex value
      0000DF 7B 03            [ 1]  253 	ld	a, (0x03, sp)
      0000E1 88               [ 1]  254 	push	a
      0000E2 CDr00r71         [ 4]  255 	call	_lcd_set_bit
      0000E5 84               [ 1]  256 	pop	a
                                    257 ;	lcd_i2c.c: 66: lcd_PCF7584_write(2, 1); // EN  = 1
      0000E6 4B 01            [ 1]  258 	push	#0x01
      0000E8 4B 02            [ 1]  259 	push	#0x02
      0000EA CDr00r42         [ 4]  260 	call	_lcd_PCF7584_write
      0000ED 85               [ 2]  261 	popw	x
                                    262 ;	lcd_i2c.c: 67: delay_ms(2);
      0000EE 4B 02            [ 1]  263 	push	#0x02
      0000F0 4B 00            [ 1]  264 	push	#0x00
      0000F2 CDr00r00         [ 4]  265 	call	_delay_ms
      0000F5 85               [ 2]  266 	popw	x
                                    267 ;	lcd_i2c.c: 68: lcd_PCF7584_write(2, 0); // EN  = 0
      0000F6 4B 00            [ 1]  268 	push	#0x00
      0000F8 4B 02            [ 1]  269 	push	#0x02
      0000FA CDr00r42         [ 4]  270 	call	_lcd_PCF7584_write
      0000FD 85               [ 2]  271 	popw	x
                                    272 ;	lcd_i2c.c: 69: }
      0000FE 81               [ 4]  273 	ret
                                    274 ;	lcd_i2c.c: 71: void lcd_init(void)
                                    275 ;	-----------------------------------------
                                    276 ;	 function lcd_init
                                    277 ;	-----------------------------------------
      0000FF                        278 _lcd_init:
                                    279 ;	lcd_i2c.c: 75: delay_ms(10);
      0000FF 4B 0A            [ 1]  280 	push	#0x0a
      000101 4B 00            [ 1]  281 	push	#0x00
      000103 CDr00r00         [ 4]  282 	call	_delay_ms
      000106 85               [ 2]  283 	popw	x
                                    284 ;	lcd_i2c.c: 76: cpu_clock = CLK_GetClockFreq() / 1000000; // Clock speed in MHz
      000107 CDr00r00         [ 4]  285 	call	_CLK_GetClockFreq
      00010A 4B 40            [ 1]  286 	push	#0x40
      00010C 4B 42            [ 1]  287 	push	#0x42
      00010E 4B 0F            [ 1]  288 	push	#0x0f
      000110 4B 00            [ 1]  289 	push	#0x00
      000112 89               [ 2]  290 	pushw	x
      000113 90 89            [ 2]  291 	pushw	y
      000115 CDr00r00         [ 4]  292 	call	__divulong
      000118 5B 08            [ 2]  293 	addw	sp, #8
      00011A 9F               [ 1]  294 	ld	a, xl
                                    295 ;	lcd_i2c.c: 77: I2C_Init(100000, LCD_I2C_Address, I2C_DUTYCYCLE_2, I2C_ACK_CURR, I2C_ADDMODE_7BIT, cpu_clock);
      00011B 88               [ 1]  296 	push	a
      00011C 4B 00            [ 1]  297 	push	#0x00
      00011E 4B 01            [ 1]  298 	push	#0x01
      000120 4B 00            [ 1]  299 	push	#0x00
      000122 4B 4E            [ 1]  300 	push	#0x4e
      000124 4B 00            [ 1]  301 	push	#0x00
      000126 4B A0            [ 1]  302 	push	#0xa0
      000128 4B 86            [ 1]  303 	push	#0x86
      00012A 4B 01            [ 1]  304 	push	#0x01
      00012C 4B 00            [ 1]  305 	push	#0x00
      00012E CDr00r00         [ 4]  306 	call	_I2C_Init
      000131 5B 0A            [ 2]  307 	addw	sp, #10
                                    308 ;	lcd_i2c.c: 78: lcd_PCF7584_write8(0b00000000);
      000133 4B 00            [ 1]  309 	push	#0x00
      000135 CDr00r00         [ 4]  310 	call	_lcd_PCF7584_write8
      000138 84               [ 1]  311 	pop	a
                                    312 ;	lcd_i2c.c: 79: lcd_set_bit(0x00);
      000139 4B 00            [ 1]  313 	push	#0x00
      00013B CDr00r71         [ 4]  314 	call	_lcd_set_bit
      00013E 84               [ 1]  315 	pop	a
                                    316 ;	lcd_i2c.c: 80: delay_ms(1000);
      00013F 4B E8            [ 1]  317 	push	#0xe8
      000141 4B 03            [ 1]  318 	push	#0x03
      000143 CDr00r00         [ 4]  319 	call	_delay_ms
      000146 85               [ 2]  320 	popw	x
                                    321 ;	lcd_i2c.c: 81: lcd_cmd(0x03);
      000147 4B 03            [ 1]  322 	push	#0x03
      000149 CDr00rD7         [ 4]  323 	call	_lcd_cmd
      00014C 84               [ 1]  324 	pop	a
                                    325 ;	lcd_i2c.c: 82: delay_ms(5);
      00014D 4B 05            [ 1]  326 	push	#0x05
      00014F 4B 00            [ 1]  327 	push	#0x00
      000151 CDr00r00         [ 4]  328 	call	_delay_ms
      000154 85               [ 2]  329 	popw	x
                                    330 ;	lcd_i2c.c: 83: lcd_cmd(0x03);
      000155 4B 03            [ 1]  331 	push	#0x03
      000157 CDr00rD7         [ 4]  332 	call	_lcd_cmd
      00015A 84               [ 1]  333 	pop	a
                                    334 ;	lcd_i2c.c: 84: delay_ms(11);
      00015B 4B 0B            [ 1]  335 	push	#0x0b
      00015D 4B 00            [ 1]  336 	push	#0x00
      00015F CDr00r00         [ 4]  337 	call	_delay_ms
      000162 85               [ 2]  338 	popw	x
                                    339 ;	lcd_i2c.c: 85: lcd_cmd(0x03);
      000163 4B 03            [ 1]  340 	push	#0x03
      000165 CDr00rD7         [ 4]  341 	call	_lcd_cmd
      000168 84               [ 1]  342 	pop	a
                                    343 ;	lcd_i2c.c: 86: lcd_cmd(0x02); // 02H is used for Return home -> Clears the RAM and initializes the LCD
      000169 4B 02            [ 1]  344 	push	#0x02
      00016B CDr00rD7         [ 4]  345 	call	_lcd_cmd
      00016E 84               [ 1]  346 	pop	a
                                    347 ;	lcd_i2c.c: 87: lcd_cmd(0x02); // 02H is used for Return home -> Clears the RAM and initializes the LCD
      00016F 4B 02            [ 1]  348 	push	#0x02
      000171 CDr00rD7         [ 4]  349 	call	_lcd_cmd
      000174 84               [ 1]  350 	pop	a
                                    351 ;	lcd_i2c.c: 88: lcd_cmd(0x08); // Select Row 1
      000175 4B 08            [ 1]  352 	push	#0x08
      000177 CDr00rD7         [ 4]  353 	call	_lcd_cmd
      00017A 84               [ 1]  354 	pop	a
                                    355 ;	lcd_i2c.c: 89: lcd_cmd(0x00); // Clear Row 1 Display
      00017B 4B 00            [ 1]  356 	push	#0x00
      00017D CDr00rD7         [ 4]  357 	call	_lcd_cmd
      000180 84               [ 1]  358 	pop	a
                                    359 ;	lcd_i2c.c: 90: lcd_cmd(0x0C); // Select Row 2
      000181 4B 0C            [ 1]  360 	push	#0x0c
      000183 CDr00rD7         [ 4]  361 	call	_lcd_cmd
      000186 84               [ 1]  362 	pop	a
                                    363 ;	lcd_i2c.c: 91: lcd_cmd(0x00); // Clear Row 2 Display
      000187 4B 00            [ 1]  364 	push	#0x00
      000189 CDr00rD7         [ 4]  365 	call	_lcd_cmd
      00018C 84               [ 1]  366 	pop	a
                                    367 ;	lcd_i2c.c: 92: lcd_cmd(0x06);
      00018D 4B 06            [ 1]  368 	push	#0x06
      00018F CDr00rD7         [ 4]  369 	call	_lcd_cmd
      000192 84               [ 1]  370 	pop	a
                                    371 ;	lcd_i2c.c: 93: }
      000193 81               [ 4]  372 	ret
                                    373 ;	lcd_i2c.c: 95: void lcd_clear(void)
                                    374 ;	-----------------------------------------
                                    375 ;	 function lcd_clear
                                    376 ;	-----------------------------------------
      000194                        377 _lcd_clear:
                                    378 ;	lcd_i2c.c: 97: lcd_cmd(0); // Clear the LCD
      000194 4B 00            [ 1]  379 	push	#0x00
      000196 CDr00rD7         [ 4]  380 	call	_lcd_cmd
      000199 84               [ 1]  381 	pop	a
                                    382 ;	lcd_i2c.c: 98: lcd_cmd(1); // Move the curser to first position
      00019A 4B 01            [ 1]  383 	push	#0x01
      00019C CDr00rD7         [ 4]  384 	call	_lcd_cmd
      00019F 84               [ 1]  385 	pop	a
                                    386 ;	lcd_i2c.c: 99: }
      0001A0 81               [ 4]  387 	ret
                                    388 ;	lcd_i2c.c: 101: void lcd_set_cursor(uint8_t row, uint8_t col)
                                    389 ;	-----------------------------------------
                                    390 ;	 function lcd_set_cursor
                                    391 ;	-----------------------------------------
      0001A1                        392 _lcd_set_cursor:
                                    393 ;	lcd_i2c.c: 106: temp = 0x80 + col;     // 80H is used to move the curser
      0001A1 7B 04            [ 1]  394 	ld	a, (0x04, sp)
                                    395 ;	lcd_i2c.c: 104: if (row == 0)
      0001A3 0D 03            [ 1]  396 	tnz	(0x03, sp)
      0001A5 26 16            [ 1]  397 	jrne	00104$
                                    398 ;	lcd_i2c.c: 106: temp = 0x80 + col;     // 80H is used to move the curser
      0001A7 AB 80            [ 1]  399 	add	a, #0x80
                                    400 ;	lcd_i2c.c: 107: z = temp >> 4;       // Lower 8-bits
      0001A9 97               [ 1]  401 	ld	xl, a
      0001AA 4E               [ 1]  402 	swap	a
      0001AB A4 0F            [ 1]  403 	and	a, #0x0f
      0001AD 41               [ 1]  404 	exg	a, xl
                                    405 ;	lcd_i2c.c: 108: y = temp & 0x0F;     // Upper 8-bits
      0001AE A4 0F            [ 1]  406 	and	a, #0x0f
                                    407 ;	lcd_i2c.c: 109: lcd_cmd(z);          // Set Row
      0001B0 88               [ 1]  408 	push	a
      0001B1 89               [ 2]  409 	pushw	x
      0001B2 5B 01            [ 2]  410 	addw	sp, #1
      0001B4 CDr00rD7         [ 4]  411 	call	_lcd_cmd
      0001B7 84               [ 1]  412 	pop	a
      0001B8 CDr00rD7         [ 4]  413 	call	_lcd_cmd
      0001BB 84               [ 1]  414 	pop	a
      0001BC 81               [ 4]  415 	ret
      0001BD                        416 00104$:
                                    417 ;	lcd_i2c.c: 112: else if (row == 1)
      0001BD 88               [ 1]  418 	push	a
      0001BE 7B 04            [ 1]  419 	ld	a, (0x04, sp)
      0001C0 4A               [ 1]  420 	dec	a
      0001C1 84               [ 1]  421 	pop	a
      0001C2 27 01            [ 1]  422 	jreq	00121$
      0001C4 81               [ 4]  423 	ret
      0001C5                        424 00121$:
                                    425 ;	lcd_i2c.c: 114: temp = 0xC0 + col;
      0001C5 AB C0            [ 1]  426 	add	a, #0xc0
                                    427 ;	lcd_i2c.c: 115: z = temp >> 4;   // Lower 8-bits
      0001C7 97               [ 1]  428 	ld	xl, a
      0001C8 4E               [ 1]  429 	swap	a
      0001C9 A4 0F            [ 1]  430 	and	a, #0x0f
      0001CB 41               [ 1]  431 	exg	a, xl
                                    432 ;	lcd_i2c.c: 116: y = temp & 0x0F; // Upper 8-bits
      0001CC A4 0F            [ 1]  433 	and	a, #0x0f
                                    434 ;	lcd_i2c.c: 117: lcd_cmd(z);      // Set Row
      0001CE 88               [ 1]  435 	push	a
      0001CF 89               [ 2]  436 	pushw	x
      0001D0 5B 01            [ 2]  437 	addw	sp, #1
      0001D2 CDr00rD7         [ 4]  438 	call	_lcd_cmd
      0001D5 84               [ 1]  439 	pop	a
      0001D6 CDr00rD7         [ 4]  440 	call	_lcd_cmd
      0001D9 84               [ 1]  441 	pop	a
                                    442 ;	lcd_i2c.c: 120: }
      0001DA 81               [ 4]  443 	ret
                                    444 ;	lcd_i2c.c: 122: void lcd_print_char(char data) // Send 8-bits through 4-bit mode
                                    445 ;	-----------------------------------------
                                    446 ;	 function lcd_print_char
                                    447 ;	-----------------------------------------
      0001DB                        448 _lcd_print_char:
      0001DB 88               [ 1]  449 	push	a
                                    450 ;	lcd_i2c.c: 125: lower_nibble = data & 0x0F;
      0001DC 7B 04            [ 1]  451 	ld	a, (0x04, sp)
      0001DE 88               [ 1]  452 	push	a
      0001DF A4 0F            [ 1]  453 	and	a, #0x0f
      0001E1 6B 02            [ 1]  454 	ld	(0x02, sp), a
      0001E3 84               [ 1]  455 	pop	a
                                    456 ;	lcd_i2c.c: 126: upper_nibble = data & 0xF0;
      0001E4 A4 F0            [ 1]  457 	and	a, #0xf0
                                    458 ;	lcd_i2c.c: 127: lcd_PCF7584_write(0, 1); // => RS = 1
      0001E6 88               [ 1]  459 	push	a
      0001E7 4B 01            [ 1]  460 	push	#0x01
      0001E9 4B 00            [ 1]  461 	push	#0x00
      0001EB CDr00r42         [ 4]  462 	call	_lcd_PCF7584_write
      0001EE 85               [ 2]  463 	popw	x
      0001EF 84               [ 1]  464 	pop	a
                                    465 ;	lcd_i2c.c: 129: lcd_set_bit(upper_nibble >> 4); // Send upper half by shifting by 4
      0001F0 4E               [ 1]  466 	swap	a
      0001F1 A4 0F            [ 1]  467 	and	a, #0x0f
      0001F3 88               [ 1]  468 	push	a
      0001F4 CDr00r71         [ 4]  469 	call	_lcd_set_bit
      0001F7 84               [ 1]  470 	pop	a
                                    471 ;	lcd_i2c.c: 130: lcd_PCF7584_write(2, 1);        // EN = 1
      0001F8 4B 01            [ 1]  472 	push	#0x01
      0001FA 4B 02            [ 1]  473 	push	#0x02
      0001FC CDr00r42         [ 4]  474 	call	_lcd_PCF7584_write
      0001FF 85               [ 2]  475 	popw	x
                                    476 ;	lcd_i2c.c: 131: delay_ms(5);
      000200 4B 05            [ 1]  477 	push	#0x05
      000202 4B 00            [ 1]  478 	push	#0x00
      000204 CDr00r00         [ 4]  479 	call	_delay_ms
      000207 85               [ 2]  480 	popw	x
                                    481 ;	lcd_i2c.c: 132: lcd_PCF7584_write(2, 0); // EN = 0
      000208 4B 00            [ 1]  482 	push	#0x00
      00020A 4B 02            [ 1]  483 	push	#0x02
      00020C CDr00r42         [ 4]  484 	call	_lcd_PCF7584_write
      00020F 85               [ 2]  485 	popw	x
                                    486 ;	lcd_i2c.c: 134: lcd_set_bit(lower_nibble); // Send Lower half
      000210 7B 01            [ 1]  487 	ld	a, (0x01, sp)
      000212 88               [ 1]  488 	push	a
      000213 CDr00r71         [ 4]  489 	call	_lcd_set_bit
      000216 84               [ 1]  490 	pop	a
                                    491 ;	lcd_i2c.c: 135: lcd_PCF7584_write(2, 1);   // EN = 1
      000217 4B 01            [ 1]  492 	push	#0x01
      000219 4B 02            [ 1]  493 	push	#0x02
      00021B CDr00r42         [ 4]  494 	call	_lcd_PCF7584_write
      00021E 85               [ 2]  495 	popw	x
                                    496 ;	lcd_i2c.c: 136: delay_ms(5);
      00021F 4B 05            [ 1]  497 	push	#0x05
      000221 4B 00            [ 1]  498 	push	#0x00
      000223 CDr00r00         [ 4]  499 	call	_delay_ms
      000226 85               [ 2]  500 	popw	x
                                    501 ;	lcd_i2c.c: 137: lcd_PCF7584_write(2, 0); // EN = 0
      000227 4B 00            [ 1]  502 	push	#0x00
      000229 4B 02            [ 1]  503 	push	#0x02
      00022B CDr00r42         [ 4]  504 	call	_lcd_PCF7584_write
                                    505 ;	lcd_i2c.c: 138: }
      00022E 5B 03            [ 2]  506 	addw	sp, #3
      000230 81               [ 4]  507 	ret
                                    508 ;	lcd_i2c.c: 140: void lcd_print_string(char *a)
                                    509 ;	-----------------------------------------
                                    510 ;	 function lcd_print_string
                                    511 ;	-----------------------------------------
      000231                        512 _lcd_print_string:
      000231 88               [ 1]  513 	push	a
                                    514 ;	lcd_i2c.c: 144: while (a[i] != '\0')
      000232 0F 01            [ 1]  515 	clr	(0x01, sp)
      000234                        516 00101$:
      000234 5F               [ 1]  517 	clrw	x
      000235 7B 01            [ 1]  518 	ld	a, (0x01, sp)
      000237 97               [ 1]  519 	ld	xl, a
      000238 72 FB 04         [ 2]  520 	addw	x, (0x04, sp)
      00023B F6               [ 1]  521 	ld	a, (x)
      00023C 27 11            [ 1]  522 	jreq	00104$
                                    523 ;	lcd_i2c.c: 146: lcd_print_char(a[i++]); // Split the string using pointers and call the Char function
      00023E 7B 01            [ 1]  524 	ld	a, (0x01, sp)
      000240 0C 01            [ 1]  525 	inc	(0x01, sp)
      000242 5F               [ 1]  526 	clrw	x
      000243 97               [ 1]  527 	ld	xl, a
      000244 72 FB 04         [ 2]  528 	addw	x, (0x04, sp)
      000247 F6               [ 1]  529 	ld	a, (x)
      000248 88               [ 1]  530 	push	a
      000249 CDr01rDB         [ 4]  531 	call	_lcd_print_char
      00024C 84               [ 1]  532 	pop	a
      00024D 20 E5            [ 2]  533 	jra	00101$
      00024F                        534 00104$:
                                    535 ;	lcd_i2c.c: 148: }
      00024F 84               [ 1]  536 	pop	a
      000250 81               [ 4]  537 	ret
                                    538 ;	lcd_i2c.c: 150: void lcd_print_integer(long a, uint8_t print_lead_zero)
                                    539 ;	-----------------------------------------
                                    540 ;	 function lcd_print_integer
                                    541 ;	-----------------------------------------
      000251                        542 _lcd_print_integer:
      000251 52 08            [ 2]  543 	sub	sp, #8
                                    544 ;	lcd_i2c.c: 153: long m = 1000000000;
      000253 AE CA 00         [ 2]  545 	ldw	x, #0xca00
      000256 1F 07            [ 2]  546 	ldw	(0x07, sp), x
      000258 AE 3B 9A         [ 2]  547 	ldw	x, #0x3b9a
      00025B 1F 05            [ 2]  548 	ldw	(0x05, sp), x
                                    549 ;	lcd_i2c.c: 155: while (m)
      00025D 4B 0A            [ 1]  550 	push	#0x0a
      00025F 5F               [ 1]  551 	clrw	x
      000260 89               [ 2]  552 	pushw	x
      000261 4B 00            [ 1]  553 	push	#0x00
      000263 1E 11            [ 2]  554 	ldw	x, (0x11, sp)
      000265 89               [ 2]  555 	pushw	x
      000266 1E 11            [ 2]  556 	ldw	x, (0x11, sp)
      000268 89               [ 2]  557 	pushw	x
      000269 CDr00r00         [ 4]  558 	call	__modslong
      00026C 5B 08            [ 2]  559 	addw	sp, #8
      00026E 1F 03            [ 2]  560 	ldw	(0x03, sp), x
      000270 17 01            [ 2]  561 	ldw	(0x01, sp), y
      000272                        562 00111$:
      000272 1E 07            [ 2]  563 	ldw	x, (0x07, sp)
      000274 26 04            [ 1]  564 	jrne	00146$
      000276 1E 05            [ 2]  565 	ldw	x, (0x05, sp)
      000278 27 74            [ 1]  566 	jreq	00114$
      00027A                        567 00146$:
                                    568 ;	lcd_i2c.c: 157: if (m < 10)
      00027A 1E 07            [ 2]  569 	ldw	x, (0x07, sp)
      00027C A3 00 0A         [ 2]  570 	cpw	x, #0x000a
      00027F 7B 06            [ 1]  571 	ld	a, (0x06, sp)
      000281 A2 00            [ 1]  572 	sbc	a, #0x00
      000283 7B 05            [ 1]  573 	ld	a, (0x05, sp)
      000285 A2 00            [ 1]  574 	sbc	a, #0x00
      000287 2E 09            [ 1]  575 	jrsge	00104$
                                    576 ;	lcd_i2c.c: 159: d = a % 10;
      000289 7B 04            [ 1]  577 	ld	a, (0x04, sp)
                                    578 ;	lcd_i2c.c: 160: m = 0;
      00028B 5F               [ 1]  579 	clrw	x
      00028C 1F 07            [ 2]  580 	ldw	(0x07, sp), x
      00028E 1F 05            [ 2]  581 	ldw	(0x05, sp), x
      000290 20 2B            [ 2]  582 	jra	00105$
      000292                        583 00104$:
                                    584 ;	lcd_i2c.c: 164: d = (a / m) % 10;
      000292 1E 07            [ 2]  585 	ldw	x, (0x07, sp)
      000294 89               [ 2]  586 	pushw	x
      000295 1E 07            [ 2]  587 	ldw	x, (0x07, sp)
      000297 89               [ 2]  588 	pushw	x
      000298 1E 11            [ 2]  589 	ldw	x, (0x11, sp)
      00029A 89               [ 2]  590 	pushw	x
      00029B 1E 11            [ 2]  591 	ldw	x, (0x11, sp)
      00029D 89               [ 2]  592 	pushw	x
      00029E CDr00r00         [ 4]  593 	call	__divslong
      0002A1 5B 08            [ 2]  594 	addw	sp, #8
      0002A3 4B 0A            [ 1]  595 	push	#0x0a
      0002A5 4B 00            [ 1]  596 	push	#0x00
      0002A7 4B 00            [ 1]  597 	push	#0x00
      0002A9 4B 00            [ 1]  598 	push	#0x00
      0002AB 89               [ 2]  599 	pushw	x
      0002AC 90 89            [ 2]  600 	pushw	y
      0002AE CDr00r00         [ 4]  601 	call	__modslong
      0002B1 5B 08            [ 2]  602 	addw	sp, #8
      0002B3 9F               [ 1]  603 	ld	a, xl
                                    604 ;	lcd_i2c.c: 166: if (d > 0)
      0002B4 4D               [ 1]  605 	tnz	a
      0002B5 27 06            [ 1]  606 	jreq	00105$
                                    607 ;	lcd_i2c.c: 167: print_lead_zero = 1;
      0002B7 88               [ 1]  608 	push	a
      0002B8 A6 01            [ 1]  609 	ld	a, #0x01
      0002BA 6B 10            [ 1]  610 	ld	(0x10, sp), a
      0002BC 84               [ 1]  611 	pop	a
      0002BD                        612 00105$:
                                    613 ;	lcd_i2c.c: 172: lcd_print_char(d + 48);
      0002BD 97               [ 1]  614 	ld	xl, a
      0002BE 1C 00 30         [ 2]  615 	addw	x, #48
                                    616 ;	lcd_i2c.c: 170: if (print_lead_zero)
      0002C1 0D 0F            [ 1]  617 	tnz	(0x0f, sp)
      0002C3 27 08            [ 1]  618 	jreq	00109$
                                    619 ;	lcd_i2c.c: 172: lcd_print_char(d + 48);
      0002C5 9F               [ 1]  620 	ld	a, xl
      0002C6 88               [ 1]  621 	push	a
      0002C7 CDr01rDB         [ 4]  622 	call	_lcd_print_char
      0002CA 84               [ 1]  623 	pop	a
      0002CB 20 09            [ 2]  624 	jra	00110$
      0002CD                        625 00109$:
                                    626 ;	lcd_i2c.c: 174: else if (d > 0)
      0002CD 4D               [ 1]  627 	tnz	a
      0002CE 27 06            [ 1]  628 	jreq	00110$
                                    629 ;	lcd_i2c.c: 176: lcd_print_char(d + 48);
      0002D0 9F               [ 1]  630 	ld	a, xl
      0002D1 88               [ 1]  631 	push	a
      0002D2 CDr01rDB         [ 4]  632 	call	_lcd_print_char
      0002D5 84               [ 1]  633 	pop	a
      0002D6                        634 00110$:
                                    635 ;	lcd_i2c.c: 179: m = m / 10;
      0002D6 4B 0A            [ 1]  636 	push	#0x0a
      0002D8 5F               [ 1]  637 	clrw	x
      0002D9 89               [ 2]  638 	pushw	x
      0002DA 4B 00            [ 1]  639 	push	#0x00
      0002DC 1E 0B            [ 2]  640 	ldw	x, (0x0b, sp)
      0002DE 89               [ 2]  641 	pushw	x
      0002DF 1E 0B            [ 2]  642 	ldw	x, (0x0b, sp)
      0002E1 89               [ 2]  643 	pushw	x
      0002E2 CDr00r00         [ 4]  644 	call	__divslong
      0002E5 5B 08            [ 2]  645 	addw	sp, #8
      0002E7 1F 07            [ 2]  646 	ldw	(0x07, sp), x
      0002E9 17 05            [ 2]  647 	ldw	(0x05, sp), y
      0002EB CCr02r72         [ 2]  648 	jp	00111$
      0002EE                        649 00114$:
                                    650 ;	lcd_i2c.c: 181: }
      0002EE 5B 08            [ 2]  651 	addw	sp, #8
      0002F0 81               [ 4]  652 	ret
                                    653 ;	lcd_i2c.c: 183: void lcd_bl_on(void) // Back light on
                                    654 ;	-----------------------------------------
                                    655 ;	 function lcd_bl_on
                                    656 ;	-----------------------------------------
      0002F1                        657 _lcd_bl_on:
                                    658 ;	lcd_i2c.c: 185: lcd_PCF7584_write(3, 1);
      0002F1 4B 01            [ 1]  659 	push	#0x01
      0002F3 4B 03            [ 1]  660 	push	#0x03
      0002F5 CDr00r42         [ 4]  661 	call	_lcd_PCF7584_write
      0002F8 85               [ 2]  662 	popw	x
                                    663 ;	lcd_i2c.c: 186: }
      0002F9 81               [ 4]  664 	ret
                                    665 ;	lcd_i2c.c: 188: void lcd_bl_off(void) // Back light off
                                    666 ;	-----------------------------------------
                                    667 ;	 function lcd_bl_off
                                    668 ;	-----------------------------------------
      0002FA                        669 _lcd_bl_off:
                                    670 ;	lcd_i2c.c: 190: lcd_PCF7584_write(3, 0);
      0002FA 4B 00            [ 1]  671 	push	#0x00
      0002FC 4B 03            [ 1]  672 	push	#0x03
      0002FE CDr00r42         [ 4]  673 	call	_lcd_PCF7584_write
      000301 85               [ 2]  674 	popw	x
                                    675 ;	lcd_i2c.c: 191: }
      000302 81               [ 4]  676 	ret
                                    677 	.area CODE
                                    678 	.area CONST
                                    679 	.area INITIALIZER
                                    680 	.area CABS (ABS)
